// Jest Snapshot v1, https://goo.gl/fbAQLP

exports[`Should render an h1 with the "Apply filter" text 1`] = `
<h1>
  Apply filter
</h1>
`;
